────────────────────────── Experiment 2 — Comparative ──────────────────────────
systems=['mas']  intents=36  reps=5  deploy=True  
out=experiments/experiment_2/results/full_bmin
resume: 0/180 runs already done — 180 to go

 S01 rep=0  starting...
  ok  deploy_t=139.613  err_rate=0.0  res_acc=0.926  interv=0  intent_acc=1  
pol_viol=0.2  (141.3s)

 S01 rep=1  starting...
  ok  deploy_t=140.008  err_rate=0.0  res_acc=0.926  interv=0  intent_acc=1  
pol_viol=0.2  (141.7s)

 S01 rep=2  starting...
  ok  deploy_t=139.25  err_rate=0.0  res_acc=0.926  interv=0  intent_acc=1  
pol_viol=0.2  (140.9s)

 S01 rep=3  starting...
  ok  deploy_t=139.033  err_rate=0.0  res_acc=0.926  interv=0  intent_acc=1  
pol_viol=0.2  (140.7s)

 S01 rep=4  starting...
  ok  deploy_t=139.136  err_rate=0.0  res_acc=0.926  interv=0  intent_acc=1  
pol_viol=0.2  (140.5s)

 S02 rep=0  starting...
  ok  deploy_t=143.773  err_rate=0.2  res_acc=0.9926  interv=0  intent_acc=0  
pol_viol=0.2  (145.6s)

 S02 rep=1  starting...
  ok  deploy_t=143.704  err_rate=0.2  res_acc=0.9926  interv=0  intent_acc=0  
pol_viol=0.2  (145.6s)

 S02 rep=2  starting...
  ok  deploy_t=144.489  err_rate=0.2  res_acc=0.9926  interv=0  intent_acc=0  
pol_viol=0.2  (146.2s)

 S02 rep=3  starting...
  ok  deploy_t=143.247  err_rate=0.2  res_acc=0.9926  interv=0  intent_acc=0  
pol_viol=0.2  (144.9s)

 S02 rep=4  starting...
  ok  deploy_t=144.22  err_rate=0.2  res_acc=0.9926  interv=0  intent_acc=0  
pol_viol=0.2  (145.9s)

 S03 rep=0  starting...
  ok  deploy_t=139.291  err_rate=0.0  res_acc=0.8646  interv=0  intent_acc=0  
pol_viol=0.2  (141.3s)

 S03 rep=1  starting...
  ok  deploy_t=139.74  err_rate=0.0  res_acc=0.8646  interv=0  intent_acc=0  
pol_viol=0.2  (141.4s)

 S03 rep=2  starting...
  ok  deploy_t=139.377  err_rate=0.0  res_acc=0.8646  interv=0  intent_acc=0  
pol_viol=0.2  (140.8s)

 S03 rep=3  starting...
  ok  deploy_t=138.748  err_rate=0.0  res_acc=0.8646  interv=0  intent_acc=0  
pol_viol=0.2  (140.1s)

 S03 rep=4  starting...
  ok  deploy_t=139.464  err_rate=0.0  res_acc=0.8646  interv=0  intent_acc=0  
pol_viol=0.2  (140.8s)

 S04 rep=0  starting...
  ok  deploy_t=143.134  err_rate=0.2  res_acc=0.926  interv=0  intent_acc=0  
pol_viol=0.2  (144.5s)

 S04 rep=1  starting...
  ok  deploy_t=144.039  err_rate=0.2  res_acc=0.926  interv=0  intent_acc=0  
pol_viol=0.2  (145.8s)

 S04 rep=2  starting...
  ok  deploy_t=144.227  err_rate=0.2  res_acc=0.926  interv=0  intent_acc=0  
pol_viol=0.2  (146.1s)

 S04 rep=3  starting...
  ok  deploy_t=143.635  err_rate=0.2  res_acc=0.926  interv=0  intent_acc=0  
pol_viol=0.2  (145.4s)

 S04 rep=4  starting...
  ok  deploy_t=144.038  err_rate=0.2  res_acc=0.926  interv=0  intent_acc=0  
pol_viol=0.2  (145.8s)

 S05 rep=0  starting...
  ok  deploy_t=143.508  err_rate=0.2  res_acc=0.9238  interv=0  intent_acc=0  
pol_viol=0.2  (145.3s)

 S05 rep=1  starting...
  ok  deploy_t=142.878  err_rate=0.2  res_acc=0.9238  interv=0  intent_acc=0  
pol_viol=0.2  (145.2s)

 S05 rep=2  starting...
  ok  deploy_t=143.264  err_rate=0.2  res_acc=0.9238  interv=0  intent_acc=0  
pol_viol=0.2  (145.1s)

 S05 rep=3  starting...
  ok  deploy_t=144.99  err_rate=0.2  res_acc=0.9238  interv=0  intent_acc=0  
pol_viol=0.2  (146.8s)

 S05 rep=4  starting...
  ok  deploy_t=142.419  err_rate=0.2  res_acc=0.9238  interv=0  intent_acc=0  
pol_viol=0.2  (144.2s)

 S06 rep=0  starting...
  ok  deploy_t=127.637  err_rate=0.0  res_acc=0.0  interv=1  intent_acc=0  
pol_viol=0.2  (129.2s)

 S06 rep=1  starting...
  ok  deploy_t=127.475  err_rate=0.0  res_acc=0.0  interv=1  intent_acc=0  
pol_viol=0.2  (128.1s)

 S06 rep=2  starting...
  ok  deploy_t=127.564  err_rate=0.0  res_acc=0.0  interv=1  intent_acc=0  
pol_viol=0.2  (128.5s)

 S06 rep=3  starting...
  ok  deploy_t=127.596  err_rate=0.0  res_acc=0.0  interv=1  intent_acc=0  
pol_viol=0.2  (128.3s)

 S06 rep=4  starting...
  ok  deploy_t=127.342  err_rate=0.0  res_acc=0.0  interv=1  intent_acc=0  
pol_viol=0.2  (128.0s)

 N01 rep=0  starting...
  ok  deploy_t=140.059  err_rate=0.0  res_acc=0.8041  interv=0  intent_acc=1  
pol_viol=0.2  (141.1s)

 N01 rep=1  starting...
  ok  deploy_t=139.165  err_rate=0.0  res_acc=0.8041  interv=0  intent_acc=1  
pol_viol=0.2  (141.1s)

 N01 rep=2  starting...
  ok  deploy_t=138.838  err_rate=0.0  res_acc=0.8041  interv=0  intent_acc=1  
pol_viol=0.2  (140.6s)

 N01 rep=3  starting...
  ok  deploy_t=139.341  err_rate=0.0  res_acc=0.8041  interv=0  intent_acc=1  
pol_viol=0.2  (141.2s)

 N01 rep=4  starting...
  ok  deploy_t=139.664  err_rate=0.0  res_acc=0.8041  interv=0  intent_acc=1  
pol_viol=0.2  (141.3s)

 M01 rep=0  starting...
  ok  deploy_t=143.378  err_rate=0.2  res_acc=0.9927  interv=0  intent_acc=1  
pol_viol=0.2  (144.8s)

 M01 rep=1  starting...
  ok  deploy_t=140.357  err_rate=0.0  res_acc=0.9927  interv=0  intent_acc=1  
pol_viol=0.2  (142.4s)

 M01 rep=2  starting...
  ok  deploy_t=140.481  err_rate=0.0  res_acc=0.9927  interv=0  intent_acc=1  
pol_viol=0.2  (142.1s)

 M01 rep=3  starting...
  ok  deploy_t=142.872  err_rate=0.2  res_acc=0.9927  interv=0  intent_acc=1  
pol_viol=0.2  (145.1s)

 M01 rep=4  starting...
  ok  deploy_t=142.354  err_rate=0.2  res_acc=0.9927  interv=0  intent_acc=1  
pol_viol=0.2  (144.5s)

 M02 rep=0  starting...
  ok  deploy_t=144.173  err_rate=0.2  res_acc=0.9686  interv=0  intent_acc=1  
pol_viol=0.2  (146.5s)

 M02 rep=1  starting...
  ok  deploy_t=144.647  err_rate=0.2  res_acc=0.9686  interv=0  intent_acc=1  
pol_viol=0.2  (146.1s)

 M02 rep=2  starting...
  ok  deploy_t=143.82  err_rate=0.2  res_acc=0.9686  interv=0  intent_acc=1  
pol_viol=0.2  (145.6s)

 M02 rep=3  starting...
  ok  deploy_t=144.391  err_rate=0.2  res_acc=0.9686  interv=0  intent_acc=1  
pol_viol=0.2  (147.6s)

 M02 rep=4  starting...
  ok  deploy_t=145.266  err_rate=0.2  res_acc=0.9686  interv=0  intent_acc=1  
pol_viol=0.2  (146.9s)

 M03 rep=0  starting...
  ok  deploy_t=140.127  err_rate=0.0  res_acc=0.7038  interv=0  intent_acc=1  
pol_viol=0.2  (141.8s)

 M03 rep=1  starting...
  ok  deploy_t=140.548  err_rate=0.0  res_acc=0.7038  interv=0  intent_acc=1  
pol_viol=0.2  (142.1s)

 M03 rep=2  starting...
  ok  deploy_t=141.133  err_rate=0.0  res_acc=0.7038  interv=0  intent_acc=1  
pol_viol=0.2  (142.5s)

 M03 rep=3  starting...
  ok  deploy_t=140.349  err_rate=0.0  res_acc=0.7038  interv=0  intent_acc=1  
pol_viol=0.2  (142.0s)

 M03 rep=4  starting...
  ok  deploy_t=140.924  err_rate=0.0  res_acc=0.7038  interv=0  intent_acc=1  
pol_viol=0.2  (142.4s)

 M04 rep=0  starting...
  ok  deploy_t=143.326  err_rate=0.2  res_acc=0.5769  interv=0  intent_acc=1  
pol_viol=0.2  (144.8s)

 M04 rep=1  starting...
  ok  deploy_t=143.238  err_rate=0.2  res_acc=0.5769  interv=0  intent_acc=1  
pol_viol=0.2  (145.2s)

 M04 rep=2  starting...
  ok  deploy_t=143.021  err_rate=0.2  res_acc=0.5769  interv=0  intent_acc=1  
pol_viol=0.2  (145.2s)

 M04 rep=3  starting...
  ok  deploy_t=143.917  err_rate=0.2  res_acc=0.5769  interv=0  intent_acc=1  
pol_viol=0.2  (145.7s)

 M04 rep=4  starting...
  ok  deploy_t=142.358  err_rate=0.2  res_acc=0.5769  interv=0  intent_acc=1  
pol_viol=0.2  (144.1s)

 M05 rep=0  starting...
  ok  deploy_t=140.403  err_rate=0.0  res_acc=0.4957  interv=0  intent_acc=1  
pol_viol=0.2  (142.2s)

 M05 rep=1  starting...
  ok  deploy_t=140.132  err_rate=0.0  res_acc=0.4957  interv=0  intent_acc=1  
pol_viol=0.2  (141.6s)

 M05 rep=2  starting...
  ok  deploy_t=140.74  err_rate=0.0  res_acc=0.4868  interv=0  intent_acc=1  
pol_viol=0.2  (142.3s)

 M05 rep=3  starting...
  ok  deploy_t=141.29  err_rate=0.0  res_acc=0.4957  interv=0  intent_acc=1  
pol_viol=0.2  (143.2s)

 M05 rep=4  starting...
  ok  deploy_t=143.621  err_rate=0.2  res_acc=0.4957  interv=0  intent_acc=1  
pol_viol=0.2  (145.2s)

 M06 rep=0  starting...
  ok  deploy_t=141.589  err_rate=0.2  res_acc=0.6976  interv=0  intent_acc=1  
pol_viol=0.2  (143.4s)

 M06 rep=1  starting...
  ok  deploy_t=141.831  err_rate=0.2  res_acc=0.6976  interv=1  intent_acc=0  
pol_viol=0.2  (143.9s)

 M06 rep=2  starting...
  ok  deploy_t=143.202  err_rate=0.2  res_acc=0.6976  interv=1  intent_acc=0  
pol_viol=0.2  (145.1s)

 M06 rep=3  starting...
  ok  deploy_t=143.038  err_rate=0.2  res_acc=0.6976  interv=0  intent_acc=1  
pol_viol=0.2  (144.7s)

 M06 rep=4  starting...
  ok  deploy_t=141.808  err_rate=0.2  res_acc=0.6976  interv=0  intent_acc=1  
pol_viol=0.2  (143.3s)

 M07 rep=0  starting...
  ok  deploy_t=143.611  err_rate=0.2  res_acc=0.9443  interv=0  intent_acc=1  
pol_viol=0.2  (145.5s)

 M07 rep=1  starting...
  ok  deploy_t=143.104  err_rate=0.2  res_acc=0.9443  interv=0  intent_acc=1  
pol_viol=0.2  (144.6s)

 M07 rep=2  starting...
  ok  deploy_t=142.08  err_rate=0.1111  res_acc=0.9443  interv=0  intent_acc=1  
pol_viol=0.2  (144.0s)

 M07 rep=3  starting...
  ok  deploy_t=141.928  err_rate=0.1111  res_acc=0.9443  interv=0  intent_acc=1 
pol_viol=0.2  (143.7s)

 M07 rep=4  starting...
  ok  deploy_t=141.547  err_rate=0.1111  res_acc=0.9443  interv=0  intent_acc=1 
pol_viol=0.2  (143.0s)

 M08 rep=0  starting...
  ok  deploy_t=144.664  err_rate=0.2  res_acc=0.3916  interv=0  intent_acc=1  
pol_viol=0.2  (146.7s)

 M08 rep=1  starting...
  ok  deploy_t=144.733  err_rate=0.2  res_acc=0.3916  interv=0  intent_acc=1  
pol_viol=0.2  (146.5s)

 M08 rep=2  starting...
  ok  deploy_t=143.171  err_rate=0.2  res_acc=0.3827  interv=0  intent_acc=1  
pol_viol=0.2  (145.0s)

 M08 rep=3  starting...
  ok  deploy_t=144.809  err_rate=0.2  res_acc=0.3916  interv=0  intent_acc=1  
pol_viol=0.2  (146.4s)

 M08 rep=4  starting...
  ok  deploy_t=144.728  err_rate=0.2  res_acc=0.3827  interv=0  intent_acc=1  
pol_viol=0.2  (146.4s)

 M09 rep=0  starting...
  ok  deploy_t=143.268  err_rate=0.2  res_acc=0.9474  interv=0  intent_acc=1  
pol_viol=0.2  (145.0s)

 M09 rep=1  starting...
  ok  deploy_t=143.42  err_rate=0.2  res_acc=0.9474  interv=0  intent_acc=1  
pol_viol=0.2  (145.4s)

 M09 rep=2  starting...
  ok  deploy_t=142.642  err_rate=0.2  res_acc=0.9474  interv=0  intent_acc=1  
pol_viol=0.2  (144.5s)

 M09 rep=3  starting...
  ok  deploy_t=143.784  err_rate=0.2  res_acc=0.9474  interv=0  intent_acc=1  
pol_viol=0.2  (145.6s)

 M09 rep=4  starting...
  ok  deploy_t=143.826  err_rate=0.2  res_acc=0.9474  interv=0  intent_acc=1  
pol_viol=0.2  (145.6s)

 M10 rep=0  starting...
  ok  deploy_t=141.266  err_rate=0.0  res_acc=0.872  interv=0  intent_acc=1  
pol_viol=0.2  (142.8s)

 M10 rep=1  starting...
────────────────────────── Experiment 2 — Comparative ──────────────────────────
systems=['mas']  intents=36  reps=5  deploy=True  
out=experiments/experiment_2/results/full_bmin
resume: 81/180 runs already done — 99 to go

 M10 rep=1  starting...
  ok  deploy_t=140.309  err_rate=0.0  res_acc=0.872  interv=0  intent_acc=1  
pol_viol=0.2  (142.1s)

 M10 rep=2  starting...
  ok  deploy_t=140.215  err_rate=0.0  res_acc=0.872  interv=0  intent_acc=1  
pol_viol=0.2  (142.0s)

 M10 rep=3  starting...
  ok  deploy_t=143.943  err_rate=0.2  res_acc=0.872  interv=0  intent_acc=1  
pol_viol=0.2  (145.4s)

 M10 rep=4  starting...
  ok  deploy_t=144.066  err_rate=0.2  res_acc=0.872  interv=0  intent_acc=1  
pol_viol=0.2  (146.1s)

 N02 rep=0  starting...
  ok  deploy_t=143.266  err_rate=0.2  res_acc=0.8999  interv=0  intent_acc=1  
pol_viol=0.2  (145.0s)

 N02 rep=1  starting...
  ok  deploy_t=143.463  err_rate=0.2  res_acc=0.8999  interv=0  intent_acc=1  
pol_viol=0.2  (145.1s)

 N02 rep=2  starting...
  ok  deploy_t=143.215  err_rate=0.2  res_acc=0.8999  interv=0  intent_acc=1  
pol_viol=0.2  (145.2s)

 N02 rep=3  starting...
  ok  deploy_t=142.895  err_rate=0.2  res_acc=0.8999  interv=0  intent_acc=1  
pol_viol=0.2  (144.8s)

 N02 rep=4  starting...
  ok  deploy_t=144.255  err_rate=0.2  res_acc=0.8999  interv=0  intent_acc=1  
pol_viol=0.2  (145.9s)

 N03 rep=0  starting...
  ok  deploy_t=142.211  err_rate=0.2  res_acc=0.9238  interv=0  intent_acc=1  
pol_viol=0.2  (143.9s)

 N03 rep=1  starting...
  ok  deploy_t=141.685  err_rate=0.2  res_acc=0.9238  interv=0  intent_acc=1  
pol_viol=0.2  (143.2s)

 N03 rep=2  starting...
  ok  deploy_t=142.988  err_rate=0.2  res_acc=0.9238  interv=0  intent_acc=1  
pol_viol=0.2  (144.5s)

 N03 rep=3  starting...
  ok  deploy_t=143.157  err_rate=0.2  res_acc=0.9238  interv=0  intent_acc=1  
pol_viol=0.2  (144.7s)

 N03 rep=4  starting...
  ok  deploy_t=142.246  err_rate=0.2  res_acc=0.9238  interv=0  intent_acc=1  
pol_viol=0.2  (143.8s)

 N04 rep=0  starting...
  ok  deploy_t=142.719  err_rate=0.2  res_acc=0.7956  interv=1  intent_acc=0  
pol_viol=0.2  (144.1s)

 N04 rep=1  starting...
  ok  deploy_t=142.659  err_rate=0.2  res_acc=0.7956  interv=1  intent_acc=0  
pol_viol=0.2  (144.5s)

 N04 rep=2  starting...
  ok  deploy_t=142.908  err_rate=0.2  res_acc=0.7956  interv=1  intent_acc=0  
pol_viol=0.2  (144.9s)

 N04 rep=3  starting...
  ok  deploy_t=143.837  err_rate=0.2  res_acc=0.7956  interv=1  intent_acc=0  
pol_viol=0.2  (145.7s)

 N04 rep=4  starting...
  ok  deploy_t=145.017  err_rate=0.2  res_acc=0.7956  interv=1  intent_acc=0  
pol_viol=0.2  (147.3s)

 N05 rep=0  starting...
  ok  deploy_t=143.736  err_rate=0.2  res_acc=0.9474  interv=1  intent_acc=0  
pol_viol=0.2  (145.5s)

 N05 rep=1  starting...
  ok  deploy_t=142.406  err_rate=0.2  res_acc=0.9474  interv=1  intent_acc=0  
pol_viol=0.2  (143.9s)

 N05 rep=2  starting...
  ok  deploy_t=142.306  err_rate=0.2  res_acc=0.9474  interv=1  intent_acc=0  
pol_viol=0.2  (144.2s)

 N05 rep=3  starting...
  ok  deploy_t=142.464  err_rate=0.2  res_acc=0.9474  interv=1  intent_acc=0  
pol_viol=0.2  (144.0s)

 N05 rep=4  starting...
  ok  deploy_t=143.194  err_rate=0.2  res_acc=0.9474  interv=1  intent_acc=0  
pol_viol=0.2  (144.9s)

 N06 rep=0  starting...
  ok  deploy_t=141.904  err_rate=0.2  res_acc=0.7013  interv=1  intent_acc=0  
pol_viol=0.2  (143.9s)

 N06 rep=1  starting...
  ok  deploy_t=141.71  err_rate=0.2  res_acc=0.7013  interv=1  intent_acc=0  
pol_viol=0.2  (143.6s)

 N06 rep=2  starting...
  ok  deploy_t=141.187  err_rate=0.2  res_acc=0.7013  interv=1  intent_acc=0  
pol_viol=0.2  (143.4s)

 N06 rep=3  starting...
  ok  deploy_t=142.864  err_rate=0.2  res_acc=0.7013  interv=1  intent_acc=0  
pol_viol=0.2  (145.0s)

 N06 rep=4  starting...
  ok  deploy_t=141.56  err_rate=0.2  res_acc=0.7013  interv=1  intent_acc=0  
pol_viol=0.2  (143.2s)

 N07 rep=0  starting...
  ok  deploy_t=144.574  err_rate=0.2  res_acc=0.8036  interv=0  intent_acc=1  
pol_viol=0.2  (146.7s)

 N07 rep=1  starting...
  ok  deploy_t=143.304  err_rate=0.2  res_acc=0.8036  interv=0  intent_acc=1  
pol_viol=0.2  (145.1s)

 N07 rep=2  starting...
  ok  deploy_t=142.715  err_rate=0.2  res_acc=0.8036  interv=0  intent_acc=1  
pol_viol=0.2  (144.5s)

 N07 rep=3  starting...
  ok  deploy_t=143.393  err_rate=0.2  res_acc=0.8036  interv=0  intent_acc=1  
pol_viol=0.2  (145.1s)

 N07 rep=4  starting...
  ok  deploy_t=142.538  err_rate=0.2  res_acc=0.8036  interv=0  intent_acc=1  
pol_viol=0.2  (144.5s)

 N08 rep=0  starting...
  ok  deploy_t=141.502  err_rate=0.2  res_acc=0.6147  interv=0  intent_acc=1  
pol_viol=0.2  (143.3s)

 N08 rep=1  starting...
  ok  deploy_t=142.035  err_rate=0.2  res_acc=0.6147  interv=0  intent_acc=1  
pol_viol=0.2  (144.0s)

 N08 rep=2  starting...
  ok  deploy_t=143.133  err_rate=0.2  res_acc=0.6147  interv=0  intent_acc=1  
pol_viol=0.2  (144.9s)

 N08 rep=3  starting...
  ok  deploy_t=141.836  err_rate=0.2  res_acc=0.6147  interv=0  intent_acc=1  
pol_viol=0.2  (143.5s)

 N08 rep=4  starting...
  ok  deploy_t=142.106  err_rate=0.2  res_acc=0.6147  interv=0  intent_acc=1  
pol_viol=0.2  (143.7s)

 C01 rep=0  starting...
  ok  deploy_t=744.848  err_rate=0.2  res_acc=0.0  interv=1  intent_acc=0  
pol_viol=0.2  (746.4s)

 C01 rep=1  starting...
  ok  deploy_t=142.932  err_rate=0.2  res_acc=0.5372  interv=0  intent_acc=1  
pol_viol=0.2  (144.8s)

 C01 rep=2  starting...
  ok  deploy_t=143.609  err_rate=0.2  res_acc=0.5372  interv=0  intent_acc=1  
pol_viol=0.2  (145.1s)

 C01 rep=3  starting...
  ok  deploy_t=143.658  err_rate=0.2  res_acc=0.5372  interv=0  intent_acc=1  
pol_viol=0.2  (145.3s)

 C01 rep=4  starting...
  ok  deploy_t=143.252  err_rate=0.2  res_acc=0.5372  interv=0  intent_acc=1  
pol_viol=0.2  (144.9s)

 C02 rep=0  starting...
  ok  deploy_t=143.384  err_rate=0.2  res_acc=0.4459  interv=0  intent_acc=1  
pol_viol=0.2  (145.1s)

 C02 rep=1  starting...
  ok  deploy_t=146.648  err_rate=0.2  res_acc=0.4459  interv=0  intent_acc=1  
pol_viol=0.2  (148.1s)

 C02 rep=2  starting...
  ok  deploy_t=144.842  err_rate=0.2  res_acc=0.4459  interv=0  intent_acc=1  
pol_viol=0.2  (146.7s)

 C02 rep=3  starting...
  ok  deploy_t=145.603  err_rate=0.2  res_acc=0.4459  interv=0  intent_acc=1  
pol_viol=0.2  (147.9s)

 C02 rep=4  starting...
  ok  deploy_t=144.632  err_rate=0.2  res_acc=0.4459  interv=0  intent_acc=1  
pol_viol=0.2  (146.3s)

 C03 rep=0  starting...
  ok  deploy_t=142.59  err_rate=0.2  res_acc=0.5876  interv=1  intent_acc=0  
pol_viol=0.2  (144.6s)

 C03 rep=1  starting...
  ok  deploy_t=142.569  err_rate=0.2  res_acc=0.5876  interv=1  intent_acc=0  
pol_viol=0.2  (144.7s)

 C03 rep=2  starting...
  ok  deploy_t=141.694  err_rate=0.1111  res_acc=0.5876  interv=1  intent_acc=0 
pol_viol=0.2  (143.8s)

 C03 rep=3  starting...
  ok  deploy_t=142.657  err_rate=0.2  res_acc=0.5876  interv=1  intent_acc=0  
pol_viol=0.2  (144.4s)

 C03 rep=4  starting...
  ok  deploy_t=141.899  err_rate=0.1111  res_acc=0.5876  interv=1  intent_acc=0 
pol_viol=0.2  (143.9s)

 C04 rep=0  starting...
  ok  deploy_t=142.427  err_rate=0.1111  res_acc=0.9447  interv=0  intent_acc=1 
pol_viol=0.2  (144.1s)

 C04 rep=1  starting...
  ok  deploy_t=142.596  err_rate=0.1111  res_acc=0.9447  interv=0  intent_acc=1 
pol_viol=0.2  (144.5s)

 C04 rep=2  starting...
  ok  deploy_t=142.198  err_rate=0.1111  res_acc=0.9447  interv=0  intent_acc=1 
pol_viol=0.2  (143.6s)

 C04 rep=3  starting...
  ok  deploy_t=143.782  err_rate=0.1111  res_acc=0.9447  interv=0  intent_acc=1 
pol_viol=0.2  (146.2s)

 C04 rep=4  starting...
  ok  deploy_t=143.506  err_rate=0.1111  res_acc=0.9447  interv=0  intent_acc=1 
pol_viol=0.2  (145.1s)

 C05 rep=0  starting...
  ok  deploy_t=142.015  err_rate=0.1111  res_acc=0.3597  interv=0  intent_acc=1 
pol_viol=0.2  (143.8s)

 C05 rep=1  starting...
  ok  deploy_t=142.584  err_rate=0.1111  res_acc=0.3597  interv=0  intent_acc=1 
pol_viol=0.2  (144.2s)

 C05 rep=2  starting...
  ok  deploy_t=142.433  err_rate=0.1111  res_acc=0.3597  interv=0  intent_acc=1 
pol_viol=0.2  (144.1s)

 C05 rep=3  starting...
  ok  deploy_t=141.247  err_rate=0.1111  res_acc=0.3597  interv=0  intent_acc=1 
pol_viol=0.2  (142.6s)

 C05 rep=4  starting...
  ok  deploy_t=142.412  err_rate=0.1111  res_acc=0.3597  interv=0  intent_acc=1 
pol_viol=0.2  (144.4s)

 C06 rep=0  starting...
  ok  deploy_t=145.41  err_rate=0.2  res_acc=0.6354  interv=0  intent_acc=1  
pol_viol=0.2  (147.5s)

 C06 rep=1  starting...
  ok  deploy_t=145.954  err_rate=0.1111  res_acc=0.6427  interv=0  intent_acc=1 
pol_viol=0.2  (147.7s)

 C06 rep=2  starting...
2026-05-02 14:53:21 | WARNING  | agents.network_planner         | Topology validation issues: ['Connection references unknown VNF: oai-gnb']
  ERR: Topology has issues: Connection references unknown VNF: oai-  
deploy_t=145.18  err_rate=0.1111  res_acc=0.6427  interv=0  intent_acc=1  
pol_viol=0.2  (147.3s)

 C06 rep=3  starting...
2026-05-02 14:55:48 | WARNING  | agents.network_planner         | Topology validation issues: ['Connection references unknown VNF: oai-gnb']
  ERR: Topology has issues: Connection references unknown VNF: oai-  
deploy_t=144.41  err_rate=0.1111  res_acc=0.6427  interv=0  intent_acc=1  
pol_viol=0.2  (146.2s)

 C06 rep=4  starting...
  ok  deploy_t=146.164  err_rate=0.1111  res_acc=0.6427  interv=0  intent_acc=1 
pol_viol=0.2  (147.9s)

 C07 rep=0  starting...
  ok  deploy_t=142.049  err_rate=0.1111  res_acc=0.6286  interv=0  intent_acc=1 
pol_viol=0.2  (143.7s)

 C07 rep=1  starting...
  ok  deploy_t=141.745  err_rate=0.1111  res_acc=0.6286  interv=0  intent_acc=1 
pol_viol=0.2  (143.7s)

 C07 rep=2  starting...
  ok  deploy_t=143.202  err_rate=0.2  res_acc=0.6286  interv=0  intent_acc=1  
pol_viol=0.2  (144.7s)

 C07 rep=3  starting...
  ok  deploy_t=143.216  err_rate=0.2  res_acc=0.6286  interv=0  intent_acc=1  
pol_viol=0.2  (144.9s)

 C07 rep=4  starting...
  ok  deploy_t=143.882  err_rate=0.2  res_acc=0.6286  interv=0  intent_acc=1  
pol_viol=0.2  (146.0s)

 C08 rep=0  starting...
  ok  deploy_t=140.684  err_rate=0.1111  res_acc=0.7183  interv=1  intent_acc=0 
pol_viol=0.2  (142.4s)

 C08 rep=1  starting...
  ok  deploy_t=747.538  err_rate=0.1111  res_acc=0.0  interv=1  intent_acc=0  
pol_viol=0.2  (749.0s)

 C08 rep=2  starting...
  ok  deploy_t=742.851  err_rate=0.1111  res_acc=0.0  interv=1  intent_acc=0  
pol_viol=0.2  (744.6s)

 C08 rep=3  starting...
  ok  deploy_t=741.23  err_rate=0.1111  res_acc=0.0  interv=1  intent_acc=0  
pol_viol=0.2  (742.9s)

 C08 rep=4  starting...
  ok  deploy_t=745.826  err_rate=0.1111  res_acc=0.0  interv=1  intent_acc=0  
pol_viol=0.2  (747.3s)

 C09 rep=0  starting...
  ok  deploy_t=143.847  err_rate=0.2  res_acc=0.8646  interv=0  intent_acc=0  
pol_viol=0.2  (145.5s)

 C09 rep=1  starting...
  ok  deploy_t=143.574  err_rate=0.2  res_acc=0.8646  interv=0  intent_acc=0  
pol_viol=0.2  (145.0s)

 C09 rep=2  starting...
  ok  deploy_t=143.175  err_rate=0.2  res_acc=0.8646  interv=0  intent_acc=0  
pol_viol=0.2  (144.9s)

 C09 rep=3  starting...
  ok  deploy_t=142.455  err_rate=0.2  res_acc=0.8646  interv=0  intent_acc=0  
pol_viol=0.2  (144.2s)

 C09 rep=4  starting...
  ok  deploy_t=143.357  err_rate=0.2  res_acc=0.8646  interv=0  intent_acc=0  
pol_viol=0.2  (145.0s)

 N09 rep=0  starting...
  ok  deploy_t=141.377  err_rate=0.1111  res_acc=0.8875  interv=0  intent_acc=1 
pol_viol=0.2  (143.6s)

 N09 rep=1  starting...
  ok  deploy_t=141.654  err_rate=0.1111  res_acc=0.8875  interv=0  intent_acc=1 
pol_viol=0.2  (143.5s)

 N09 rep=2  starting...
  ok  deploy_t=141.79  err_rate=0.1111  res_acc=0.8875  interv=0  intent_acc=1  
pol_viol=0.2  (143.4s)

 N09 rep=3  starting...
  ok  deploy_t=140.272  err_rate=0.1111  res_acc=0.8875  interv=0  intent_acc=1 
pol_viol=0.2  (142.0s)

 N09 rep=4  starting...
  ok  deploy_t=140.351  err_rate=0.1111  res_acc=0.8875  interv=0  intent_acc=1 
pol_viol=0.2  (142.0s)

 N10 rep=0  starting...
  ok  deploy_t=142.21  err_rate=0.2  res_acc=0.9155  interv=1  intent_acc=0  
pol_viol=0.2  (143.6s)

 N10 rep=1  starting...
  ok  deploy_t=142.802  err_rate=0.2  res_acc=0.9155  interv=1  intent_acc=0  
pol_viol=0.2  (144.6s)

 N10 rep=2  starting...
  ok  deploy_t=143.471  err_rate=0.2  res_acc=0.9155  interv=1  intent_acc=0  
pol_viol=0.2  (145.4s)

 N10 rep=3  starting...
  ok  deploy_t=143.439  err_rate=0.2  res_acc=0.9155  interv=1  intent_acc=0  
pol_viol=0.2  (145.1s)

 N10 rep=4  starting...
  ok  deploy_t=142.728  err_rate=0.2  res_acc=0.9155  interv=1  intent_acc=0  
pol_viol=0.2  (144.7s)

 N11 rep=0  starting...
  ok  deploy_t=143.323  err_rate=0.2  res_acc=0.7949  interv=1  intent_acc=0  
pol_viol=0.2  (145.3s)

 N11 rep=1  starting...
  ok  deploy_t=143.583  err_rate=0.2  res_acc=0.7949  interv=1  intent_acc=0  
pol_viol=0.2  (145.8s)

 N11 rep=2  starting...
  ok  deploy_t=144.54  err_rate=0.2  res_acc=0.7875  interv=1  intent_acc=0  
pol_viol=0.2  (146.5s)

 N11 rep=3  starting...
  ok  deploy_t=144.124  err_rate=0.2  res_acc=0.7875  interv=1  intent_acc=0  
pol_viol=0.2  (145.9s)

 N11 rep=4  starting...
  ok  deploy_t=142.557  err_rate=0.2  res_acc=0.7949  interv=1  intent_acc=0  
pol_viol=0.2  (144.5s)
─────────────────────────────────── Summary ────────────────────────────────────
                         Per-system mean (this session)                         
┏━━━━━━━━┳━━━━━┳━━━━━━━━━━┳━━━━━━━━━━┳━━━━━━━━━┳━━━━━━━━┳━━━━━━━━━━━┳━━━━━━━━━━┓
┃        ┃     ┃ deploy_t ┃          ┃         ┃        ┃           ┃          ┃
┃ system ┃ n   ┃      (s) ┃ err_rate ┃ res_acc ┃ interv ┃ intent_a… ┃ pol_viol ┃
┡━━━━━━━━╇━━━━━╇━━━━━━━━━━╇━━━━━━━━━━╇━━━━━━━━━╇━━━━━━━━╇━━━━━━━━━━━╇━━━━━━━━━━┩
│ mas    │ 180 │  158.913 │    0.147 │   0.732 │  0.239 │     0.622 │    0.200 │
└────────┴─────┴──────────┴──────────┴─────────┴────────┴───────────┴──────────┘

this session: completed=99 failed=2; total in store: 180
raw:  experiments/experiment_2/results/full_bmin/raw.jsonl
csv:  experiments/experiment_2/results/full_bmin/runs.csv
